// Jest Snapshot v1, https://goo.gl/fbAQLP

exports[`<DeletedPostIt /> should match the snapshot 1`] = `
<div>
  <div
    aria-hidden="true"
    class="flex flex-col items-center justify-center bg-yellow shadow-xl w-max dark:bg-cerulean-500 dark:shadow-xl dark:shadow-cerulean-700 transition-colors dark:border dark:border-grey dark:text-mine-shaft-600"
    id="1"
  >
    <div
      class="flex justify-between w-full px-2 pt-2 items-start"
    >
      <button
        class="flex flex-col items-center justify-center border-none
			m-2 p-0	bg-transparent hover:opacity-90 active:translate-y-1 h-7 w-7 my-0 mx-0 opacity-20 hover:opacity-100 relative hover:after:content-[\\"Restore\\"] after:absolute after:left-8 after:bg-white after:rounded-lg after:p-1 after:text-sm dark:text-mine-shaft-900 dark:opacity-40 dark:hover:opacity-100 transition-colors"
        name="button"
        type="button"
      >
        <img
          alt=""
          class="h-4/5 w-4/5"
          src="restorePostIt.png"
        />
      </button>
      <button
        class="flex flex-col items-center justify-center border-none
			m-2 p-0	bg-transparent hover:opacity-90 active:translate-y-1 h-6 w-6 my-0 mx-0 opacity-20 text-xl hover:opacity-100 dark:text-mine-shaft-900 dark:opacity-40 dark:hover:opacity-100 transition-colors"
        name="button"
        type="button"
      >
        X
      </button>
    </div>
    <div
      class="break-words p-2 w-52 basis-52  bg-transparent"
    >
      Testing Deleted Post It
    </div>
  </div>
</div>
`;
