// Jest Snapshot v1, https://goo.gl/fbAQLP

exports[`<TrashBinLink /> should match the snapshot 1`] = `
<div>
  <a
    class="flex flex-col items-center no-underline p-0 m-2 text-center hover:opacity-90 active:translate-y-1"
    href="/trashbin"
  >
    <img
      alt="Trash bin"
      class="w-16 h-16"
      src="trashBinEmpty.png"
    />
    <span>
      Trash Bin
    </span>
  </a>
</div>
`;
