// Jest Snapshot v1, https://goo.gl/fbAQLP

exports[`<Modal /> Snapshot 1`] = `
<div>
  <div
    class="flex items-center justify-center z-10 m-0 p-0 w-full
			h-full absolute inset-0 bg-transparent"
  >
    <div
      class="flex flex-col justify-center items-center bg-white max-w-xs h-auto rounded-lg shadow-2xl shadow-mine-shaft-900 dark:shadow-cerulean-700 dark:bg-cerulean-900 dark:border-none transition-colors"
    >
      <h2
        class="flex items-center p-3 m-2"
      >
        Move post it to the trash
      </h2>
      <div
        class="flex items-center p-3 m-0 border-y border-solid border-grey"
      >
        <img
          alt="Warning icon"
          class="m-2 w-10"
          src="warning.png"
        />
        <p
          class="m-2 text-sm "
        >
          Are you sure you want to move this post it to the trash?
        </p>
      </div>
      <div
        class="flex items-center p-3 m-0"
      >
        <button
          class="flex flex-col items-center justify-center border-none
			m-2 p-0	bg-transparent hover:opacity-90 active:translate-y-1 justify-center w-24 h-12 rounded-lg bg-grey dark:bg-mine-shaft-500 dark:text-white transition-colors"
          name="button"
          type="button"
        >
          Cancel
        </button>
        <button
          class="flex flex-col items-center justify-center border-none
			m-2 p-0	bg-transparent hover:opacity-90 active:translate-y-1 justify-center w-24 h-12 rounded-lg bg-blue text-white dark:text-blue dark:bg-white font-semibold transition-colors"
          name="button"
          type="button"
        >
          Confirm
        </button>
      </div>
    </div>
  </div>
</div>
`;
