// Jest Snapshot v1, https://goo.gl/fbAQLP

exports[`<Trashspace /> should match the snapshot 1`] = `
<div>
  <main
    class="overflow-y-scroll h-full"
  >
    <header
      class="flex justify-around items-center p-3"
    >
      <button
        class="flex flex-col items-center justify-center border-none
			m-2 p-0	bg-transparent hover:opacity-90 active:translate-y-1 w-20 h-28"
        name="button"
        type="button"
      >
        <img
          alt="Empty trash bin"
          class="h-4/5 w-4/5"
          src="emptyTrashBin.png"
        />
        Empty trash bin
      </button>
      <button
        class="flex flex-col items-center justify-center border-none
			m-2 p-0	bg-transparent hover:opacity-90 active:translate-y-1 w-20 h-28"
        name="button"
        type="button"
      >
        <img
          alt="Restore all post-its"
          class="h-4/5 w-4/5"
          src="restoreAllPostIts.png"
        />
        Restore all post-its
      </button>
      <a
        class="w-20 h-28 flex flex-col items-center no-underline p-0 m-2 text-center hover:opacity-90 active:translate-y-1"
        href="/"
      >
        <img
          alt="Trash bin"
          class="w-4/5 h-4/5"
          src="backToWorkspace.png"
        />
        <span>
          Back to workspace 
        </span>
      </a>
    </header>
    <section>
      <h1
        class="m-2 text-center text-grey dark:text-mine-shaft-400 transition-colors"
      >
        Trash Bin
      </h1>
      <ul
        class="grid grid-cols-auto p-4 m-0 list-none gap-4 justify-center"
      >
        <li
          class="justify-self-center"
        >
          <div
            aria-hidden="true"
            class="flex flex-col items-center justify-center bg-yellow shadow-xl w-max dark:bg-cerulean-500 dark:shadow-lg dark:shadow-cerulean-700 transition-colors dark:border dark:border-grey dark:text-mine-shaft-600"
            id="1"
          >
            <div
              class="flex justify-between w-full px-2 pt-2 items-start"
            >
              <button
                class="flex flex-col items-center justify-center border-none
			m-2 p-0	bg-transparent hover:opacity-90 active:translate-y-1 h-7 w-7 my-0 mx-0 opacity-20 hover:opacity-100 relative hover:after:content-[\\"Restore\\"] after:absolute after:left-8 after:bg-white after:rounded-lg after:p-1 after:text-sm dark:text-mine-shaft-900 dark:opacity-40 dark:hover:opacity-100 transition-colors"
                name="button"
                type="button"
              >
                <img
                  alt=""
                  class="h-4/5 w-4/5"
                  src="restorePostIt.png"
                />
              </button>
              <button
                class="flex flex-col items-center justify-center border-none
			m-2 p-0	bg-transparent hover:opacity-90 active:translate-y-1 h-6 w-6 my-0 mx-0 opacity-20 text-xl hover:opacity-100 dark:text-mine-shaft-900 dark:opacity-40 dark:hover:opacity-100 transition-colors"
                name="button"
                type="button"
              >
                X
              </button>
            </div>
            <div
              class="break-words p-2 w-52 basis-52 bg-transparent"
            >
              Testing add post it to trash bin action
            </div>
          </div>
        </li>
      </ul>
      <div
        class="hidden items-center justify-center z-10 m-0 p-0 w-full
			h-full absolute inset-0 bg-transparent"
      >
        <div
          class="flex flex-col justify-center items-center bg-white max-w-xs h-auto rounded-lg shadow-2xl shadow-mine-shaft-900 dark:shadow-cerulean-700 dark:bg-cerulean-900 dark:border-none transition-colors"
        >
          <h2
            class="flex items-center p-3 m-2"
          >
            Delete Post It Note
          </h2>
          <div
            class="flex items-center p-3 m-0 border-y border-solid border-grey"
          >
            <img
              alt="Warning icon"
              class="m-2 w-10"
              src="warning.png"
            />
            <p
              class="m-2 text-sm "
            >
              Are you sure you want to delete this post it permanently?
            </p>
          </div>
          <div
            class="flex items-center p-3 m-0"
          >
            <button
              class="flex flex-col items-center justify-center border-none
			m-2 p-0	bg-transparent hover:opacity-90 active:translate-y-1 justify-center w-24 h-12 rounded-lg bg-grey dark:bg-mine-shaft-500 dark:text-white transition-colors"
              name="button"
              type="button"
            >
              Cancel
            </button>
            <button
              class="flex flex-col items-center justify-center border-none
			m-2 p-0	bg-transparent hover:opacity-90 active:translate-y-1 justify-center w-24 h-12 rounded-lg bg-blue text-white dark:text-blue dark:bg-white font-semibold transition-colors"
              name="button"
              type="button"
            >
              Confirm
            </button>
          </div>
        </div>
      </div>
    </section>
  </main>
</div>
`;
